// Jest Snapshot v1, https://goo.gl/fbAQLP

exports[`Write a test for Header with snapshot 1`] = `
<div
  className="homepageContainer"
>
  <div
    className="homepageContent"
  >
    <div
      className="menuContainer"
    >
      <i
        className="filterIcon fa-solid fa-filter"
      />
      <div
        className="alcoholContainer"
      >
        <span
          className="mr-5"
        >
          Alcohol by volume 
        </span>
        <button
          aria-pressed={false}
          className="k-button k-button-md k-button-solid k-button-solid-base k-rounded-md"
          onClick={[Function]}
        >
          <span
            className="k-button-text"
          >
            &gt;
             8%
          </span>
        </button>
      </div>
      <div
        className="bitternessContainer"
      >
        <span>
          Bitterness 
        </span>
        <div
          className="k-slider k-slider-horizontal"
          onBlur={[Function]}
          onFocus={[Function]}
          onKeyDown={[Function]}
          style={
            {
              "gap": 0,
            }
          }
        >
          <div
            className="k-slider-track-wrap"
            style={
              {
                "flexGrow": 1,
                "marginLeft": "0.5rem",
                "marginRight": "0.5rem",
                "position": "relative",
                "touchAction": "none",
              }
            }
          >
            <ul
              className="k-reset k-slider-items"
              style={
                {
                  "margin": 0,
                }
              }
            >
              <li
                className="k-tick k-tick-large k-tick-horizontal"
                style={
                  {
                    "left": "0%",
                    "position": "absolute",
                    "zIndex": 1,
                  }
                }
              >
                <span
                  className="k-label"
                  data-slider-label={true}
                >
                  0
                </span>
              </li>
              <li
                className="k-tick k-tick-large k-tick-horizontal"
                style={
                  {
                    "left": "20%",
                    "position": "absolute",
                    "zIndex": 1,
                  }
                }
              >
                <span
                  className="k-label"
                  data-slider-label={true}
                >
                  20
                </span>
              </li>
              <li
                className="k-tick k-tick-large k-tick-horizontal"
                style={
                  {
                    "left": "40%",
                    "position": "absolute",
                    "zIndex": 1,
                  }
                }
              >
                <span
                  className="k-label"
                  data-slider-label={true}
                >
                  40
                </span>
              </li>
              <li
                className="k-tick k-tick-large k-tick-horizontal"
                style={
                  {
                    "left": "60%",
                    "position": "absolute",
                    "zIndex": 1,
                  }
                }
              >
                <span
                  className="k-label"
                  data-slider-label={true}
                >
                  60
                </span>
              </li>
              <li
                className="k-tick k-tick-large k-tick-horizontal"
                style={
                  {
                    "left": "80%",
                    "position": "absolute",
                    "zIndex": 1,
                  }
                }
              >
                <span
                  className="k-label"
                  data-slider-label={true}
                >
                  80
                </span>
              </li>
              <li
                className="k-tick k-tick-large k-tick-horizontal"
                style={
                  {
                    "left": "100%",
                    "position": "absolute",
                    "zIndex": 1,
                  }
                }
              >
                <span
                  className="k-label"
                  data-slider-label={true}
                >
                  100
                </span>
              </li>
            </ul>
            <div
              className="k-slider-track"
              style={
                {
                  "left": 0,
                  "width": "100%",
                }
              }
            >
              <div
                className="k-slider-selection"
                style={
                  {
                    "width": "100%",
                  }
                }
              />
              <span
                aria-valuemax={100}
                aria-valuemin={0}
                aria-valuenow={100}
                aria-valuetext="100"
                className="k-draghandle"
                role="slider"
                style={
                  {
                    "left": "calc(100%)",
                    "zIndex": 1,
                  }
                }
                tabIndex={0}
                title="Drag"
              />
            </div>
          </div>
        </div>
      </div>
    </div>
    <div
      className="grid"
    />
    <div
      className="loadMoreBeers"
      onClick={[Function]}
    >
      Load more
    </div>
  </div>
</div>
`;
